[2025-10-19 21:07:38] INFO: TCP server started on 127.0.0.1:55555
[2025-10-19 21:07:48] INFO: TCP Ahmed connected from ('127.0.0.1', 61982)
[2025-10-19 21:07:57] INFO: UDP Ali joined from ('127.0.0.1', 51949)
[2025-10-19 21:07:57] INFO: TCP Ali connected from ('127.0.0.1', 61984)
[2025-10-19 21:09:39] ERROR: TCP error: [WinError 10054] An existing connection was forcibly closed by the remote host
Traceback (most recent call last):
  File "C:\Users\rtrar\Downloads\Network-Security-Project\server.py", line 64, in handle_tcp_client
    msg = client.recv(1024).decode("utf-8")
          ^^^^^^^^^^^^^^^^^
ConnectionResetError: [WinError 10054] An existing connection was forcibly closed by the remote host

[2025-10-19 21:09:53] ERROR: TCP error: [WinError 10054] An existing connection was forcibly closed by the remote host
Traceback (most recent call last):
  File "C:\Users\rtrar\Downloads\Network-Security-Project\server.py", line 64, in handle_tcp_client
    msg = client.recv(1024).decode("utf-8")
          ^^^^^^^^^^^^^^^^^
ConnectionResetError: [WinError 10054] An existing connection was forcibly closed by the remote host

[2025-10-19 21:10:08] INFO: UDP server started on 127.0.0.1:55556
[2025-10-19 21:10:08] INFO: TCP server started on 127.0.0.1:55555
[2025-10-19 21:10:15] INFO: UDP Ahmed joined from ('127.0.0.1', 62608)
[2025-10-19 21:10:15] INFO: TCP Ahmed connected from ('127.0.0.1', 64978)
[2025-10-19 21:10:23] INFO: UDP Ali joined from ('127.0.0.1', 60750)
[2025-10-19 21:10:23] INFO: TCP Ali connected from ('127.0.0.1', 64982)
[2025-10-20 00:16:50] INFO: Server started successfully
[2025-10-20 00:16:50] INFO: TCP server started on 127.0.0.1:55555
[2025-10-20 00:16:50] INFO: UDP server started on 127.0.0.1:55556
[2025-10-20 00:17:03] INFO: UDP Ahmed joined from ('127.0.0.1', 55910)
[2025-10-20 00:17:03] INFO: TCP Ahmed connected from ('127.0.0.1', 61310)
[2025-10-20 00:17:10] INFO: UDP Ali joined from ('127.0.0.1', 62898)
[2025-10-20 00:17:10] INFO: TCP Ali connected from ('127.0.0.1', 61312)
[2025-10-20 00:23:11] INFO: UDP server started on 127.0.0.1:55556
[2025-10-20 00:23:11] INFO: TCP server started on 127.0.0.1:55555
[2025-10-20 00:23:17] INFO: UDP Ahmed joined from ('127.0.0.1', 57019)
[2025-10-20 00:23:17] INFO: TCP Ahmed connected from ('127.0.0.1', 57651)
[2025-10-20 00:23:44] INFO: UDP Sayed joined from ('127.0.0.1', 62201)
[2025-10-20 00:23:44] INFO: TCP Sayed connected from ('127.0.0.1', 57654)
[2025-10-20 00:25:19] ERROR: TCP error: [WinError 10054] An existing connection was forcibly closed by the remote host
Traceback (most recent call last):
  File "C:\Users\rtrar\Downloads\Network-Security-Project\server.py", line 64, in handle_tcp_client
    msg = client.recv(1024).decode("utf-8")
          ^^^^^^^^^^^^^^^^^
ConnectionResetError: [WinError 10054] An existing connection was forcibly closed by the remote host

[2025-10-20 00:52:23] INFO: Server shutdown
[2025-10-20 00:52:29] INFO: UDP server started on 127.0.0.1:55556
[2025-10-20 00:52:29] INFO: TCP server started on 127.0.0.1:80
[2025-10-20 00:52:36] INFO: UDP hima joined from ('127.0.0.1', 59131)
[2025-10-20 01:01:40] INFO: Server started successfully
.1:55556
[2025-10-20 01:01:40] INFO: TCP server started on 127.0.0.1:55555
[2025-10-20 01:01:47] INFO: UDP ahmed joined from ('127.0.0.1', 56209)
[2025-10-20 01:01:47] INFO: TCP ahmed connected from ('127.0.0.1', 64489)
[2025-10-20 01:01:51] INFO: UDP hima joined from ('127.0.0.1', 56210)
[2025-10-20 01:01:51] INFO: TCP hima connected from ('127.0.0.1', 64490)
[2025-10-20 01:03:30] INFO: UDP mossad joined from ('127.0.0.1', 53785)
[2025-10-20 01:12:01] INFO: TCP ahmed connected from ('127.0.0.1', 54322)
[2025-10-20 01:15:31] ERROR: Failed to receive from hima | Original: [WinError 10054] An existing connection was forcibly closed by the remote host
Exception Type: MessageReceiveError
Message: Failed to receive from hima
Original Error: ConnectionResetError
Original Message: [WinError 10054] An existing connection was forcibly closed by the remote host
Traceback (most recent call last):
  File "C:\Users\rtrar\Downloads\Network-Security-Project\server.py", line 124, in handle_tcp_client
    msg_data = client.recv(1024)
               ^^^^^^^^^^^^^^^^^
ConnectionResetError: [WinError 10054] An existing connection was forcibly closed by the remote host

During handling of the above exception, another exception occurred:

Traceback (most recent call last):
  File "C:\Users\rtrar\Downloads\Network-Security-Project\server.py", line 128, in handle_tcp_client
    raise handle_socket_error(e, "recv", f"from {nickname}")
exceptions.MessageReceiveError: Failed to receive from hima | Original: [WinError 10054] An existing connection was forcibly closed by the remote host

[2025-10-20 01:15:31] ERROR: Failed to receive from ahmed | Original: [WinError 10054] An existing connection was forcibly closed by the remote host
Exception Type: MessageReceiveError
Message: Failed to receive from ahmed
Original Error: ConnectionResetError
Original Message: [WinError 10054] An existing connection was forcibly closed by the remote host
Traceback (most recent call last):
  File "C:\Users\rtrar\Downloads\Network-Security-Project\server.py", line 124, in handle_tcp_client
    msg_data = client.recv(1024)
               ^^^^^^^^^^^^^^^^^
ConnectionResetError: [WinError 10054] An existing connection was forcibly closed by the remote host

During handling of the above exception, another exception occurred:

Traceback (most recent call last):
  File "C:\Users\rtrar\Downloads\Network-Security-Project\server.py", line 128, in handle_tcp_client
    raise handle_socket_error(e, "recv", f"from {nickname}")
exceptions.MessageReceiveError: Failed to receive from ahmed | Original: [WinError 10054] An existing connection was forcibly closed by the remote host

[2025-10-20 01:15:32] INFO: TCP hima disconnected
[2025-10-20 01:15:32] INFO: TCP ahmed disconnected
[2025-10-20 01:15:32] ERROR: Failed to receive from ahmed | Original: [WinError 10054] An existing connection was forcibly closed by the remote host
Exception Type: MessageReceiveError
Message: Failed to receive from ahmed
Original Error: ConnectionResetError
Original Message: [WinError 10054] An existing connection was forcibly closed by the remote host
Traceback (most recent call last):
  File "C:\Users\rtrar\Downloads\Network-Security-Project\server.py", line 124, in handle_tcp_client
    msg_data = client.recv(1024)
               ^^^^^^^^^^^^^^^^^
ConnectionResetError: [WinError 10054] An existing connection was forcibly closed by the remote host

During handling of the above exception, another exception occurred:

Traceback (most recent call last):
  File "C:\Users\rtrar\Downloads\Network-Security-Project\server.py", line 128, in handle_tcp_client
    raise handle_socket_error(e, "recv", f"from {nickname}")
exceptions.MessageReceiveError: Failed to receive from ahmed | Original: [WinError 10054] An existing connection was forcibly closed by the remote host

[2025-10-20 01:15:32] INFO: TCP ahmed disconnected
[2025-11-02 20:35:47] INFO: UDP server started on 127.0.0.1:55556
[2025-11-02 20:36:12] INFO: UDP ahmed joined from ('127.0.0.1', 62007)
[2025-11-02 20:36:12] INFO: TCP ahmed connected from ('127.0.0.1', 57722)
[2025-11-02 20:36:37] INFO: UDP abdelrahman joined from ('127.0.0.1', 60277)
[2025-11-02 20:36:37] INFO: TCP abdelrahman connected from ('127.0.0.1', 53568)
[2025-11-02 20:45:53] ERROR: Invalid nickname encoding | Original: 'utf-8' codec can't decode byte 0xb2 in position 4: invalid start byte
Exception Type: InvalidMessageFormatError
Message: Invalid nickname encoding
Original Error: UnicodeDecodeError
Original Message: 'utf-8' codec can't decode byte 0xb2 in position 4: invalid start byte
Traceback (most recent call last):
  File "C:\Users\abdel\OneDrive\Desktop\network security\Network-Security-Project\server.py", line 87, in handle_tcp_client
    nickname = nickname_data.decode("utf-8").strip()
               ~~~~~~~~~~~~~~~~~~~~^^^^^^^^^
UnicodeDecodeError: 'utf-8' codec can't decode byte 0xb2 in position 4: invalid start byte

During handling of the above exception, another exception occurred:

Traceback (most recent call last):
  File "C:\Users\abdel\OneDrive\Desktop\network security\Network-Security-Project\server.py", line 89, in handle_tcp_client
    raise InvalidMessageFormatError("Invalid nickname encoding", e)
exceptions.InvalidMessageFormatError: Invalid nickname encoding | Original: 'utf-8' codec can't decode byte 0xb2 in position 4: invalid start byte

[2025-11-02 20:45:54] ERROR: Invalid nickname encoding | Original: 'utf-8' codec can't decode byte 0xd2 in position 4: invalid continuation byte
Exception Type: InvalidMessageFormatError
Message: Invalid nickname encoding
Original Error: UnicodeDecodeError
Original Message: 'utf-8' codec can't decode byte 0xd2 in position 4: invalid continuation byte
Traceback (most recent call last):
  File "C:\Users\abdel\OneDrive\Desktop\network security\Network-Security-Project\server.py", line 87, in handle_tcp_client
    nickname = nickname_data.decode("utf-8").strip()
               ~~~~~~~~~~~~~~~~~~~~^^^^^^^^^
UnicodeDecodeError: 'utf-8' codec can't decode byte 0xd2 in position 4: invalid continuation byte

During handling of the above exception, another exception occurred:

Traceback (most recent call last):
  File "C:\Users\abdel\OneDrive\Desktop\network security\Network-Security-Project\server.py", line 89, in handle_tcp_client
    raise InvalidMessageFormatError("Invalid nickname encoding", e)
exceptions.InvalidMessageFormatError: Invalid nickname encoding | Original: 'utf-8' codec can't decode byte 0xd2 in position 4: invalid continuation byte

[2025-11-02 20:45:55] ERROR: Invalid nickname encoding | Original: 'utf-8' codec can't decode byte 0xb2 in position 4: invalid start byte
Exception Type: InvalidMessageFormatError
Message: Invalid nickname encoding
Original Error: UnicodeDecodeError
Original Message: 'utf-8' codec can't decode byte 0xb2 in position 4: invalid start byte
Traceback (most recent call last):
  File "C:\Users\abdel\OneDrive\Desktop\network security\Network-Security-Project\server.py", line 87, in handle_tcp_client
    nickname = nickname_data.decode("utf-8").strip()
               ~~~~~~~~~~~~~~~~~~~~^^^^^^^^^
UnicodeDecodeError: 'utf-8' codec can't decode byte 0xb2 in position 4: invalid start byte

During handling of the above exception, another exception occurred:

Traceback (most recent call last):
  File "C:\Users\abdel\OneDrive\Desktop\network security\Network-Security-Project\server.py", line 89, in handle_tcp_client
    raise InvalidMessageFormatError("Invalid nickname encoding", e)
exceptions.InvalidMessageFormatError: Invalid nickname encoding | Original: 'utf-8' codec can't decode byte 0xb2 in position 4: invalid start byte

[2025-11-02 20:45:55] ERROR: Invalid nickname encoding | Original: 'utf-8' codec can't decode byte 0xb2 in position 4: invalid start byte
Exception Type: InvalidMessageFormatError
Message: Invalid nickname encoding
Original Error: UnicodeDecodeError
Original Message: 'utf-8' codec can't decode byte 0xb2 in position 4: invalid start byte
Traceback (most recent call last):
  File "C:\Users\abdel\OneDrive\Desktop\network security\Network-Security-Project\server.py", line 87, in handle_tcp_client
    nickname = nickname_data.decode("utf-8").strip()
               ~~~~~~~~~~~~~~~~~~~~^^^^^^^^^
UnicodeDecodeError: 'utf-8' codec can't decode byte 0xb2 in position 4: invalid start byte

During handling of the above exception, another exception occurred:

Traceback (most recent call last):
  File "C:\Users\abdel\OneDrive\Desktop\network security\Network-Security-Project\server.py", line 89, in handle_tcp_client
    raise InvalidMessageFormatError("Invalid nickname encoding", e)
exceptions.InvalidMessageFormatError: Invalid nickname encoding | Original: 'utf-8' codec can't decode byte 0xb2 in position 4: invalid start byte

[2025-11-02 20:48:03] INFO: Server shutdown requested
[2025-11-02 20:48:03] INFO: Server stopped
[2025-11-02 20:48:25] INFO: Server started successfully
[2025-11-02 20:48:25] INFO: TCP server started on 127.0.0.1:55555
[2025-11-02 20:48:25] INFO: UDP server started on 127.0.0.1:55556
[2025-11-02 20:50:31] INFO: UDP ahmed joined from ('127.0.0.1', 58166)
[2025-11-02 20:50:31] INFO: TCP ahmed connected from ('127.0.0.1', 62398)
[2025-11-02 20:50:51] INFO: UDP abdelrahman joined from ('127.0.0.1', 55892)
[2025-11-02 20:50:51] INFO: TCP abdelrahman connected from ('127.0.0.1', 62644)
[2025-11-02 20:52:08] INFO: Server shutdown requested
[2025-11-02 20:52:08] INFO: Server stopped
[2025-11-02 20:52:15] INFO: Server started successfully
[2025-11-02 20:52:15] INFO: TCP server started on 127.0.0.1:55555
[2025-11-02 20:52:15] INFO: UDP server started on 127.0.0.1:55556
[2025-11-02 20:56:38] INFO: Server started successfully
[2025-11-02 20:56:38] INFO: TCP server started on 127.0.0.1:55555
[2025-11-02 20:56:38] INFO: UDP server started on 127.0.0.1:55556
[20:57:37] UDP server started on 127.0.0.1:55556
55555
[20:57:55] ahmed (UDP):  joined via UDP
[20:57:55] ahmed connected via SSL
[20:58:10] abdelrahman (UDP):  joined via UDP
[20:58:10] abdelrahman connected via SSL
[21:19:33] UDP server started on 127.0.0.1:55556
[21:19:33] Secure TCP server started on 127.0.0.1:55555
[21:19:45] ahmed (UDP):  joined via UDP
[21:19:45] ahmed connected via SSL
[21:19:54] abdelrahman (UDP):  joined via UDP
[21:19:54] abdelrahman connected via SSL
[21:25:59] UDP server started on 127.0.0.1:55556
[21:25:59] Secure TCP server started on 127.0.0.1:55555
[21:28:41] UDP server started on 127.0.0.1:55556
[21:28:41] Secure TCP server started on 127.0.0.1:55555
[21:30:45] Secure TCP server started on 127.0.0.1:55555
[21:35:56] UDP server started on 127.0.0.1:55556
[21:35:56] Secure TCP server started on 127.0.0.1:55555
[21:37:26] UDP server started on 127.0.0.1:55556
[21:37:26] Secure TCP server started on 127.0.0.1:55555
[21:38:49] Secure TCP server started on 127.0.0.1:55555
[21:38:49] UDP server started on 127.0.0.1:55556
[21:40:46] UDP server started on 127.0.0.1:55556
[21:40:47] Secure TCP server started on 127.0.0.1:55555
[21:42:02] Secure TCP server started on 127.0.0.1:55555
[21:47:39] UDP server started on 127.0.0.1:55556
[21:47:39] Secure TCP server started on 127.0.0.1:55555
[21:49:38] UDP server started on 127.0.0.1:55556
[21:49:38] Secure TCP server started on 127.0.0.1:55555
[21:51:55] Secure TCP server started on 127.0.0.1:55555
[21:51:55] UDP server started on 127.0.0.1:55556
[20:35:21] UDP server started on 127.0.0.1:55556
[20:35:21] Secure TCP server started on 127.0.0.1:55555
[20:35:46] UDP server started on 127.0.0.1:55556
[20:35:46] Secure TCP server started on 127.0.0.1:55555
[20:35:54] ebrahem (UDP):  joined via UDP
[20:35:54] ebrahem connected via SSL
[2025-11-09 22:41:31] ======================================================================
[2025-11-09 22:41:31] FastAPI Chat Server Started
[2025-11-09 22:41:31] Host: 127.0.0.1
[2025-11-09 22:41:31] Port: 8000
[2025-11-09 22:41:31] SSL Enabled: False
[2025-11-09 22:41:31] ======================================================================
[2025-11-09 22:41:31] Server shutting down...
[2025-11-09 22:41:35] ======================================================================
[2025-11-09 22:41:35] FastAPI Chat Server Started
[2025-11-09 22:41:35] Host: 127.0.0.1
[2025-11-09 22:41:35] Port: 8000
[2025-11-09 22:41:35] SSL Enabled: False
[2025-11-09 22:41:35] ======================================================================
[2025-11-09 22:44:47] ======================================================================
[2025-11-09 22:44:47] FastAPI Chat Server Started
[2025-11-09 22:44:47] Host: 127.0.0.1
[2025-11-09 22:44:47] Port: 8000
[2025-11-09 22:44:47] SSL Enabled: False
[2025-11-09 22:44:47] ======================================================================
[2025-11-09 22:49:11] Server shutting down...
[2025-11-09 22:49:13] ======================================================================
[2025-11-09 22:49:13] FastAPI Chat Server Started
[2025-11-09 22:49:13] Host: 127.0.0.1
[2025-11-09 22:49:13] Port: 8000
[2025-11-09 22:49:13] SSL Enabled: False
[2025-11-09 22:49:13] ======================================================================
[2025-11-09 22:49:25] REST API message from Anonymous: string
[2025-11-09 22:53:06] Server shutting down...
[2025-11-09 22:53:06] Server shutdown complete
[2025-11-09 22:53:22] ======================================================================
[2025-11-09 22:53:22] FastAPI Chat Server Started
[2025-11-09 22:53:22] Host: 127.0.0.1
[2025-11-09 22:53:22] Port: 8000
[2025-11-09 22:53:22] SSL Enabled: False
[2025-11-09 22:53:22] ======================================================================
[2025-11-09 22:53:41] ebrahem connected via WebSocket
[2025-11-09 22:53:55] eslam connected via WebSocket
[2025-11-09 22:53:56] eslam: hi
[2025-11-09 22:53:59] ebrahem: hello
[2025-11-09 22:54:31] ebrahem disconnected
[2025-11-09 22:54:31] eslam disconnected
[2025-11-09 22:54:31] ebrahem disconnected (WebSocketDisconnect)
[2025-11-09 22:54:31] Server shutting down...
[2025-11-09 22:54:31] Server shutdown complete
[2025-11-09 22:54:32] ======================================================================
[2025-11-09 22:54:32] FastAPI Chat Server Started
[2025-11-09 22:54:32] Host: 127.0.0.1
[2025-11-09 22:54:32] Port: 8000
[2025-11-09 22:54:32] SSL Enabled: False
[2025-11-09 22:54:32] ======================================================================
[2025-11-09 22:54:35] Server shutting down...
[2025-11-09 22:54:35] Server shutdown complete
[2025-11-09 22:54:36] ======================================================================
[2025-11-09 22:54:36] FastAPI Chat Server Started
[2025-11-09 22:54:36] Host: 127.0.0.1
[2025-11-09 22:54:36] Port: 8000
[2025-11-09 22:54:36] SSL Enabled: False
[2025-11-09 22:54:36] ======================================================================
[2025-11-09 22:54:37] Server shutting down...
[2025-11-09 22:54:37] Server shutdown complete
[2025-11-09 22:54:38] ======================================================================
[2025-11-09 22:54:38] FastAPI Chat Server Started
[2025-11-09 22:54:38] Host: 127.0.0.1
[2025-11-09 22:54:38] Port: 8000
[2025-11-09 22:54:38] SSL Enabled: False
[2025-11-09 22:54:38] ======================================================================
[2025-11-09 22:57:44] ebrahem connected via WebSocket
[2025-11-09 22:57:57] eslam connected via WebSocket
[2025-11-09 22:57:58] eslam: hi
[2025-11-09 22:58:06] eslam: /history
[2025-11-09 22:58:13] ebrahem: hi
[2025-11-09 22:59:45] REST API message from Anonymous: string
[2025-11-09 22:59:46] REST API message from Anonymous: string
[2025-11-09 23:05:27] ebrahem disconnected
[2025-11-09 23:05:27] eslam disconnected
[2025-11-09 23:05:27] ebrahem disconnected (WebSocketDisconnect)
[2025-11-10 10:40:18] ======================================================================
[2025-11-10 10:40:18] FastAPI Chat Server Started
[2025-11-10 10:40:18] Host: 127.0.0.1
[2025-11-10 10:40:18] Port: 8000
[2025-11-10 10:40:18] SSL Enabled: False
[2025-11-10 10:40:18] ======================================================================
[2025-11-10 10:42:37] eslam connected via WebSocket
[2025-11-10 10:44:22] REST API message from API USER: hi
[2025-11-10 10:45:07] Anonymous connected via WebSocket
[2025-11-10 10:45:29] REST API message from API USER: hi
[2025-11-10 10:45:34] eslam disconnected
[2025-11-10 10:45:34] Anonymous disconnected
[2025-11-10 10:45:34] eslam disconnected (WebSocketDisconnect)
[2025-11-10 10:50:48] ======================================================================
[2025-11-10 10:50:48] FastAPI Chat Server Started
[2025-11-10 10:50:48] Host: 127.0.0.1
[2025-11-10 10:50:48] Port: 8000
[2025-11-10 10:50:48] SSL Enabled: False
[2025-11-10 10:50:48] ======================================================================
[2025-11-10 10:52:21] Ibrahim connected via WebSocket
[2025-11-10 10:52:24] Eslam connected via WebSocket
[2025-11-10 10:58:29] ======================================================================
[2025-11-10 10:58:29] FastAPI Chat Server Started
[2025-11-10 10:58:29] Host: 127.0.0.1
[2025-11-10 10:58:29] Port: 8000
[2025-11-10 10:58:29] SSL Enabled: False
[2025-11-10 10:58:29] ======================================================================
[2025-11-10 10:59:20] ebrahem connected via WebSocket
[2025-11-10 10:59:25] REST API message from Api User: Hello
[2025-11-10 10:59:46] eskan connected via WebSocket
[2025-11-10 10:59:54] eskan: hi
[2025-11-10 11:01:47] REST API message from Api User: Hello
[2025-11-10 11:03:29] REST API message from Api User: Hello
[2025-11-10 11:06:22] eskan disconnected
[2025-11-10 11:06:22] eskan disconnected (WebSocketDisconnect)
[2025-11-10 11:06:23] ebrahem disconnected
[2025-11-10 11:06:23] ebrahem disconnected (WebSocketDisconnect)
